<?xml version="1.0" encoding="UTF-8"?>
<testsuites>
  <testsuite name="/Users/alex/Sites/lingua/phpunit.xml" tests="56" assertions="262" errors="0" failures="0" skipped="0" time="51.622921">
    <testsuite name="Feature" tests="56" assertions="262" errors="0" failures="0" skipped="0" time="51.622921">
      <testsuite name="Tests\Feature\InitializeTest" file="tests/Feature/InitializeTest.php" tests="4" assertions="6" errors="0" failures="0" skipped="0" time="2.816043">
        <testcase name="it can access the `app configuration`" file="tests/Feature/InitializeTest.php::it can access the `app configuration`" class="Tests\Feature\InitializeTest" classname="Tests.Feature.InitializeTest" assertions="2" time="0.880519"/>
        <testcase name="it has `migrated` all the package tables" file="tests/Feature/InitializeTest.php::it has `migrated` all the package tables" class="Tests\Feature\InitializeTest" classname="Tests.Feature.InitializeTest" assertions="2" time="0.640234"/>
        <testcase name="it can `seed` the default `language`" file="tests/Feature/InitializeTest.php::it can `seed` the default `language`" class="Tests\Feature\InitializeTest" classname="Tests.Feature.InitializeTest" assertions="1" time="0.647772"/>
        <testcase name="it can `seed` the default `translations`" file="tests/Feature/InitializeTest.php::it can `seed` the default `translations`" class="Tests\Feature\InitializeTest" classname="Tests.Feature.InitializeTest" assertions="1" time="0.647518"/>
      </testsuite>
      <testsuite name="Tests\Feature\Livewire\LanguagesTest" file="tests/Feature/Livewire/LanguagesTest.php" tests="16" assertions="57" errors="0" failures="0" skipped="0" time="12.689279">
        <testcase name="it can reach the `LANGUAGES` component page" file="tests/Feature/Livewire/LanguagesTest.php::it can reach the `LANGUAGES` component page" class="Tests\Feature\Livewire\LanguagesTest" classname="Tests.Feature.Livewire.LanguagesTest" assertions="1" time="0.788289"/>
        <testcase name="it can reach the `LANGUAGE SORT` component" file="tests/Feature/Livewire/LanguagesTest.php::it can reach the `LANGUAGE SORT` component" class="Tests\Feature\Livewire\LanguagesTest" classname="Tests.Feature.Livewire.LanguagesTest" assertions="1" time="0.651657"/>
        <testcase name="it can reach the `LANGUAGE TABLE` component" file="tests/Feature/Livewire/LanguagesTest.php::it can reach the `LANGUAGE TABLE` component" class="Tests\Feature\Livewire\LanguagesTest" classname="Tests.Feature.Livewire.LanguagesTest" assertions="1" time="0.675661"/>
        <testcase name="it can reach the `ADD LANGUAGE` component" file="tests/Feature/Livewire/LanguagesTest.php::it can reach the `ADD LANGUAGE` component" class="Tests\Feature\Livewire\LanguagesTest" classname="Tests.Feature.Livewire.LanguagesTest" assertions="1" time="0.714618"/>
        <testcase name="it can reach the `REMOVE LANGUAGE` component" file="tests/Feature/Livewire/LanguagesTest.php::it can reach the `REMOVE LANGUAGE` component" class="Tests\Feature\Livewire\LanguagesTest" classname="Tests.Feature.Livewire.LanguagesTest" assertions="1" time="0.673383"/>
        <testcase name="it can reach the `SET DEFAULT` component" file="tests/Feature/Livewire/LanguagesTest.php::it can reach the `SET DEFAULT` component" class="Tests\Feature\Livewire\LanguagesTest" classname="Tests.Feature.Livewire.LanguagesTest" assertions="1" time="0.667013"/>
        <testcase name="it can `Sync` translations to `LOCAL FILES`" file="tests/Feature/Livewire/LanguagesTest.php::it can `Sync` translations to `LOCAL FILES`" class="Tests\Feature\Livewire\LanguagesTest" classname="Tests.Feature.Livewire.LanguagesTest" assertions="4" time="0.753997"/>
        <testcase name="it catch `Sync local files ERRORS` for `Translation::syncToLocal()`" file="tests/Feature/Livewire/LanguagesTest.php::it catch `Sync local files ERRORS` for `Translation::syncToLocal()`" class="Tests\Feature\Livewire\LanguagesTest" classname="Tests.Feature.Livewire.LanguagesTest" assertions="5" time="0.735054"/>
        <testcase name="it catch `Sync local files ERRORS` for `Artisan::call('optimize:clear')`" file="tests/Feature/Livewire/LanguagesTest.php::it catch `Sync local files ERRORS` for `Artisan::call('optimize:clear')`" class="Tests\Feature\Livewire\LanguagesTest" classname="Tests.Feature.Livewire.LanguagesTest" assertions="6" time="0.700392"/>
        <testcase name="it can `Sync` translations to `DATABASE`" file="tests/Feature/Livewire/LanguagesTest.php::it can `Sync` translations to `DATABASE`" class="Tests\Feature\Livewire\LanguagesTest" classname="Tests.Feature.Livewire.LanguagesTest" assertions="4" time="1.243603"/>
        <testcase name="it catch `Sync database ERRORS` for `Artisan::call('optimize:clear')`" file="tests/Feature/Livewire/LanguagesTest.php::it catch `Sync database ERRORS` for `Artisan::call('optimize:clear')`" class="Tests\Feature\Livewire\LanguagesTest" classname="Tests.Feature.Livewire.LanguagesTest" assertions="6" time="0.739352"/>
        <testcase name="it catch `Sync database ERRORS` for `Translation::syncToDatabase()`" file="tests/Feature/Livewire/LanguagesTest.php::it catch `Sync database ERRORS` for `Translation::syncToDatabase()`" class="Tests\Feature\Livewire\LanguagesTest" classname="Tests.Feature.Livewire.LanguagesTest" assertions="5" time="0.707515"/>
        <testcase name="it can `Update` translations from `Laravel Lang`" file="tests/Feature/Livewire/LanguagesTest.php::it can `Update` translations from `Laravel Lang`" class="Tests\Feature\Livewire\LanguagesTest" classname="Tests.Feature.Livewire.LanguagesTest" assertions="4" time="1.293059"/>
        <testcase name="it catch `Update translations ERRORS` for `Artisan::call('lang:update')`" file="tests/Feature/Livewire/LanguagesTest.php::it catch `Update translations ERRORS` for `Artisan::call('lang:update')`" class="Tests\Feature\Livewire\LanguagesTest" classname="Tests.Feature.Livewire.LanguagesTest" assertions="5" time="0.796417"/>
        <testcase name="it catch `Update translations ERRORS` for `Translation::syncToDatabase()`" file="tests/Feature/Livewire/LanguagesTest.php::it catch `Update translations ERRORS` for `Translation::syncToDatabase()`" class="Tests\Feature\Livewire\LanguagesTest" classname="Tests.Feature.Livewire.LanguagesTest" assertions="5" time="0.829283"/>
        <testcase name="it catch `Update translations ERRORS` for `Artisan::call('optimize:clear')`" file="tests/Feature/Livewire/LanguagesTest.php::it catch `Update translations ERRORS` for `Artisan::call('optimize:clear')`" class="Tests\Feature\Livewire\LanguagesTest" classname="Tests.Feature.Livewire.LanguagesTest" assertions="7" time="0.719987"/>
      </testsuite>
      <testsuite name="Tests\Feature\Livewire\Language\TableTest" file="tests/Feature/Livewire/Language/TableTest.php" tests="4" assertions="12" errors="0" failures="0" skipped="0" time="2.876977">
        <testcase name="it can render `TABLE component`" file="tests/Feature/Livewire/Language/TableTest.php::it can render `TABLE component`" class="Tests\Feature\Livewire\Language\TableTest" classname="Tests.Feature.Livewire.Language.TableTest" assertions="2" time="0.693179"/>
        <testcase name="it can access to `COMPUTED` property `languages`" file="tests/Feature/Livewire/Language/TableTest.php::it can access to `COMPUTED` property `languages`" class="Tests\Feature\Livewire\Language\TableTest" classname="Tests.Feature.Livewire.Language.TableTest" assertions="6" time="0.706574"/>
        <testcase name="it can `SEARCH/FILTER` languages by code, regional, name and native" file="tests/Feature/Livewire/Language/TableTest.php::it can `SEARCH/FILTER` languages by code, regional, name and native" class="Tests\Feature\Livewire\Language\TableTest" classname="Tests.Feature.Livewire.Language.TableTest" assertions="3" time="0.789935"/>
        <testcase name="it can react on `refreshLanguages event` dispatched" file="tests/Feature/Livewire/Language/TableTest.php::it can react on `refreshLanguages event` dispatched" class="Tests\Feature\Livewire\Language\TableTest" classname="Tests.Feature.Livewire.Language.TableTest" assertions="1" time="0.687288"/>
      </testsuite>
      <testsuite name="Tests\Feature\Livewire\Language\RowTest" file="tests/Feature/Livewire/Language/RowTest.php" tests="3" assertions="24" errors="0" failures="0" skipped="0" time="3.263895">
        <testcase name="it renders a `LANGUAGE ROW` with statistics for `default Language`" file="tests/Feature/Livewire/Language/RowTest.php::it renders a `LANGUAGE ROW` with statistics for `default Language`" class="Tests\Feature\Livewire\Language\RowTest" classname="Tests.Feature.Livewire.Language.RowTest" assertions="5" time="0.712206"/>
        <testcase name="it renders a `LANGUAGE ROW` with statistics for `NON default Languages`" file="tests/Feature/Livewire/Language/RowTest.php::it renders a `LANGUAGE ROW` with statistics for `NON default Languages`" class="Tests\Feature\Livewire\Language\RowTest" classname="Tests.Feature.Livewire.Language.RowTest" assertions="17" time="1.858174"/>
        <testcase name="it react on `refreshLanguageRows` event dispatched" file="tests/Feature/Livewire/Language/RowTest.php::it react on `refreshLanguageRows` event dispatched" class="Tests\Feature\Livewire\Language\RowTest" classname="Tests.Feature.Livewire.Language.RowTest" assertions="2" time="0.693516"/>
      </testsuite>
      <testsuite name="Tests\Feature\Livewire\Language\CreateTest" file="tests/Feature/Livewire/Language/CreateTest.php" tests="9" assertions="53" errors="0" failures="0" skipped="0" time="8.455068">
        <testcase name="it can render `CREATE` language component" file="tests/Feature/Livewire/Language/CreateTest.php::it can render `CREATE` language component" class="Tests\Feature\Livewire\Language\CreateTest" classname="Tests.Feature.Livewire.Language.CreateTest" assertions="2" time="0.702836"/>
        <testcase name="it can initialize `availableLanguages` properties" file="tests/Feature/Livewire/Language/CreateTest.php::it can initialize `availableLanguages` properties" class="Tests\Feature\Livewire\Language\CreateTest" classname="Tests.Feature.Livewire.Language.CreateTest" assertions="2" time="0.778382"/>
        <testcase name="it can add new language with `addNewLanguage` method" file="tests/Feature/Livewire/Language/CreateTest.php::it can add new language with `addNewLanguage` method" class="Tests\Feature\Livewire\Language\CreateTest" classname="Tests.Feature.Livewire.Language.CreateTest" assertions="12" time="1.799734"/>
        <testcase name="it catch `Validation ERRORS` on `addNewLanguage`" file="tests/Feature/Livewire/Language/CreateTest.php::it catch `Validation ERRORS` on `addNewLanguage`" class="Tests\Feature\Livewire\Language\CreateTest" classname="Tests.Feature.Livewire.Language.CreateTest" assertions="4" time="0.775171"/>
        <testcase name="it catch `ERRORS` on `addNewLanguage` for `Locale::info($locale)`" file="tests/Feature/Livewire/Language/CreateTest.php::it catch `ERRORS` on `addNewLanguage` for `Locale::info($locale)`" class="Tests\Feature\Livewire\Language\CreateTest" classname="Tests.Feature.Livewire.Language.CreateTest" assertions="7" time="0.770488"/>
        <testcase name="it catch `ERRORS` on `addNewLanguage` for `Artisan::call('lang:add it')`" file="tests/Feature/Livewire/Language/CreateTest.php::it catch `ERRORS` on `addNewLanguage` for `Artisan::call('lang:add it')`" class="Tests\Feature\Livewire\Language\CreateTest" classname="Tests.Feature.Livewire.Language.CreateTest" assertions="8" time="0.760324"/>
        <testcase name="it catch `ERRORS` on `addNewLanguage` for `Language::create()`" file="tests/Feature/Livewire/Language/CreateTest.php::it catch `ERRORS` on `addNewLanguage` for `Language::create()`" class="Tests\Feature\Livewire\Language\CreateTest" classname="Tests.Feature.Livewire.Language.CreateTest" assertions="7" time="0.845362"/>
        <testcase name="it catch `ERRORS` on `addNewLanguage` for `Translation::syncToDatabase()`" file="tests/Feature/Livewire/Language/CreateTest.php::it catch `ERRORS` on `addNewLanguage` for `Translation::syncToDatabase()`" class="Tests\Feature\Livewire\Language\CreateTest" classname="Tests.Feature.Livewire.Language.CreateTest" assertions="9" time="1.267645"/>
        <testcase name="it react on `refreshLanguages event` dispatched" file="tests/Feature/Livewire/Language/CreateTest.php::it react on `refreshLanguages event` dispatched" class="Tests\Feature\Livewire\Language\CreateTest" classname="Tests.Feature.Livewire.Language.CreateTest" assertions="2" time="0.755126"/>
      </testsuite>
      <testsuite name="Tests\Feature\Livewire\Language\SortTest" file="tests/Feature/Livewire/Language/SortTest.php" tests="5" assertions="14" errors="0" failures="0" skipped="0" time="3.488134">
        <testcase name="it can reach the `LANGUAGE SORT` component" file="tests/Feature/Livewire/Language/SortTest.php::it can reach the `LANGUAGE SORT` component" class="Tests\Feature\Livewire\Language\SortTest" classname="Tests.Feature.Livewire.Language.SortTest" assertions="1" time="0.671785"/>
        <testcase name="it can read the `COMPUTED` property `languages`" file="tests/Feature/Livewire/Language/SortTest.php::it can read the `COMPUTED` property `languages`" class="Tests\Feature\Livewire\Language\SortTest" classname="Tests.Feature.Livewire.Language.SortTest" assertions="2" time="0.690933"/>
        <testcase name="it can `SORT` languages order" file="tests/Feature/Livewire/Language/SortTest.php::it can `SORT` languages order" class="Tests\Feature\Livewire\Language\SortTest" classname="Tests.Feature.Livewire.Language.SortTest" assertions="5" time="0.693375"/>
        <testcase name="it catch `ERRORS` on sort languages" file="tests/Feature/Livewire/Language/SortTest.php::it catch `ERRORS` on sort languages" class="Tests\Feature\Livewire\Language\SortTest" classname="Tests.Feature.Livewire.Language.SortTest" assertions="4" time="0.662056"/>
        <testcase name="it can react on `refreshLanguages event` dispatched" file="tests/Feature/Livewire/Language/SortTest.php::it can react on `refreshLanguages event` dispatched" class="Tests\Feature\Livewire\Language\SortTest" classname="Tests.Feature.Livewire.Language.SortTest" assertions="2" time="0.769985"/>
      </testsuite>
      <testsuite name="Tests\Feature\Livewire\Language\DeleteTest" file="tests/Feature/Livewire/Language/DeleteTest.php" tests="5" assertions="62" errors="0" failures="0" skipped="0" time="11.149798">
        <testcase name="it can `delete language`" file="tests/Feature/Livewire/Language/DeleteTest.php::it can `delete language`" class="Tests\Feature\Livewire\Language\DeleteTest" classname="Tests.Feature.Livewire.Language.DeleteTest" assertions="20" time="2.823229"/>
        <testcase name="it catch `Validation ERRORS` on `deleteLanguage`" file="tests/Feature/Livewire/Language/DeleteTest.php::it catch `Validation ERRORS` on `deleteLanguage`" class="Tests\Feature\Livewire\Language\DeleteTest" classname="Tests.Feature.Livewire.Language.DeleteTest" assertions="9" time="1.947785"/>
        <testcase name="it catch `ERRORS` on `deleteLanguage` for `Artisan::call`" file="tests/Feature/Livewire/Language/DeleteTest.php::it catch `ERRORS` on `deleteLanguage` for `Artisan::call`" class="Tests\Feature\Livewire\Language\DeleteTest" classname="Tests.Feature.Livewire.Language.DeleteTest" assertions="9" time="1.952404"/>
        <testcase name="it catch `ERRORS` on `deleteLanguage` for `Language::reorderLanguages()`" file="tests/Feature/Livewire/Language/DeleteTest.php::it catch `ERRORS` on `deleteLanguage` for `Language::reorderLanguages()`" class="Tests\Feature\Livewire\Language\DeleteTest" classname="Tests.Feature.Livewire.Language.DeleteTest" assertions="12" time="2.159917"/>
        <testcase name="it catch `ERRORS` on `deleteLanguage` for `Translation::syncToDatabase()`" file="tests/Feature/Livewire/Language/DeleteTest.php::it catch `ERRORS` on `deleteLanguage` for `Translation::syncToDatabase()`" class="Tests\Feature\Livewire\Language\DeleteTest" classname="Tests.Feature.Livewire.Language.DeleteTest" assertions="12" time="2.266464"/>
      </testsuite>
      <testsuite name="Tests\Feature\Livewire\Language\SetDefaultTest" file="tests/Feature/Livewire/Language/SetDefaultTest.php" tests="3" assertions="11" errors="0" failures="0" skipped="0" time="2.158860">
        <testcase name="it can access `SetDefault` component" file="tests/Feature/Livewire/Language/SetDefaultTest.php::it can access `SetDefault` component" class="Tests\Feature\Livewire\Language\SetDefaultTest" classname="Tests.Feature.Livewire.Language.SetDefaultTest" assertions="2" time="0.755201"/>
        <testcase name="it can SET default `language` and dispatch `events`" file="tests/Feature/Livewire/Language/SetDefaultTest.php::it can SET default `language` and dispatch `events`" class="Tests\Feature\Livewire\Language\SetDefaultTest" classname="Tests.Feature.Livewire.Language.SetDefaultTest" assertions="4" time="0.719905"/>
        <testcase name="it catch `ERRORS` setting default Language for `Language::setDefault($locale)`" file="tests/Feature/Livewire/Language/SetDefaultTest.php::it catch `ERRORS` setting default Language for `Language::setDefault($locale)`" class="Tests\Feature\Livewire\Language\SetDefaultTest" classname="Tests.Feature.Livewire.Language.SetDefaultTest" assertions="5" time="0.683754"/>
      </testsuite>
      <testsuite name="Tests\Feature\Livewire\LanguageSelectorTest" file="tests/Feature/Livewire/LanguageSelectorTest.php" tests="5" assertions="18" errors="0" failures="0" skipped="0" time="3.383742">
        <testcase name="it can get `COMPUTED` property `languages`" file="tests/Feature/Livewire/LanguageSelectorTest.php::it can get `COMPUTED` property `languages`" class="Tests\Feature\Livewire\LanguageSelectorTest" classname="Tests.Feature.Livewire.LanguageSelectorTest" assertions="2" time="0.695066"/>
        <testcase name="it can show the `Language SIDEBAR` selector component" file="tests/Feature/Livewire/LanguageSelectorTest.php::it can show the `Language SIDEBAR` selector component" class="Tests\Feature\Livewire\LanguageSelectorTest" classname="Tests.Feature.Livewire.LanguageSelectorTest" assertions="3" time="0.670897"/>
        <testcase name="it can show the `Language MODAL` selector component" file="tests/Feature/Livewire/LanguageSelectorTest.php::it can show the `Language MODAL` selector component" class="Tests\Feature\Livewire\LanguageSelectorTest" classname="Tests.Feature.Livewire.LanguageSelectorTest" assertions="3" time="0.675951"/>
        <testcase name="it can show the `Language DROPDOWN` selector component" file="tests/Feature/Livewire/LanguageSelectorTest.php::it can show the `Language DROPDOWN` selector component" class="Tests\Feature\Livewire\LanguageSelectorTest" classname="Tests.Feature.Livewire.LanguageSelectorTest" assertions="3" time="0.672071"/>
        <testcase name="it can switch the `CURRENT Language`" file="tests/Feature/Livewire/LanguageSelectorTest.php::it can switch the `CURRENT Language`" class="Tests\Feature\Livewire\LanguageSelectorTest" classname="Tests.Feature.Livewire.LanguageSelectorTest" assertions="7" time="0.669756"/>
      </testsuite>
      <testsuite name="Tests\Feature\Livewire\Selector\IconTest" file="tests/Feature/Livewire/Selector/IconTest.php" tests="2" assertions="5" errors="0" failures="0" skipped="0" time="1.341123">
        <testcase name="it renders `FLAG icon` when flags are `ENABLED`" file="tests/Feature/Livewire/Selector/IconTest.php::it renders `FLAG icon` when flags are `ENABLED`" class="Tests\Feature\Livewire\Selector\IconTest" classname="Tests.Feature.Livewire.Selector.IconTest" assertions="2" time="0.669850"/>
        <testcase name="it renders `TEXT icon` when flags are `DISABLED`" file="tests/Feature/Livewire/Selector/IconTest.php::it renders `TEXT icon` when flags are `DISABLED`" class="Tests\Feature\Livewire\Selector\IconTest" classname="Tests.Feature.Livewire.Selector.IconTest" assertions="3" time="0.671272"/>
      </testsuite>
    </testsuite>
  </testsuite>
</testsuites>
